// Jest Snapshot v1, https://goo.gl/fbAQLP

exports[`utils deserializeVariable value should be a File instance if type is file 1`] = `
Object {
  "type": "file",
  "value": File {
    "__readFile": [Function],
    "content": "",
    "createTypedValue": [Function],
    "engineService": Object {},
    "filename": "data",
    "load": [Function],
    "remotePath": "/execution/process_instance_id/localVariables/variable_key/data",
  },
  "valueInfo": Object {},
}
`;
